\BOOKMARK [0][-]{chapter*.2}{\376\377\000C\000o\000p\000y\000r\000i\000g\000h\000t}{}% 1
\BOOKMARK [0][-]{chapter*.3}{\376\377\000I\000n\000t\000r\000o\000d\000u\000c\000t\000i\000o\000n}{}% 2
\BOOKMARK [0][-]{chapter.1}{\376\377\000T\000h\000e\000\040\000l\000i\000v\000e\000r\000m\000o\000r\000e\000/\000l\000e\000a\000r\000n\000i\000n\000g\000-\000p\000a\000r\000a\000m\000e\000t\000e\000r\000s\000\040\000P\000a\000c\000k\000a\000g\000e}{}% 3
\BOOKMARK [1][-]{section.1.1}{\376\377\000C\000l\000a\000s\000s\000e\000s}{chapter.1}% 4
\BOOKMARK [2][-]{subsection.1.1.1}{\376\377\000T\000h\000e\000\040\000l\000e\000a\000r\000n\000i\000n\000g\000-\000p\000a\000r\000a\000m\000e\000t\000e\000r\000s\000\040\000C\000l\000a\000s\000s}{section.1.1}% 5
\BOOKMARK [0][-]{chapter.2}{\376\377\000T\000h\000e\000\040\000l\000i\000v\000e\000r\000m\000o\000r\000e\000/\000x\000c\000s\000-\000p\000r\000e\000d\000i\000c\000a\000t\000e\000\040\000P\000a\000c\000k\000a\000g\000e}{}% 6
\BOOKMARK [1][-]{section.2.1}{\376\377\000C\000l\000a\000s\000s\000e\000s}{chapter.2}% 7
\BOOKMARK [2][-]{subsection.2.1.1}{\376\377\000T\000h\000e\000\040\000x\000c\000s\000-\000p\000r\000e\000d\000i\000c\000a\000t\000e\000\040\000C\000l\000a\000s\000s}{section.2.1}% 8
\BOOKMARK [1][-]{section.2.2}{\376\377\000G\000e\000n\000e\000r\000i\000c\000s}{chapter.2}% 9
\BOOKMARK [2][-]{subsection.2.2.1}{\376\377\000T\000h\000e\000\040\000c\000o\000v\000e\000r\000\040\000G\000e\000n\000e\000r\000i\000c}{section.2.2}% 10
\BOOKMARK [2][-]{subsection.2.2.2}{\376\377\000T\000h\000e\000\040\000c\000o\000v\000e\000r\000i\000n\000g\000-\000s\000c\000o\000r\000e\000\040\000G\000e\000n\000e\000r\000i\000c}{section.2.2}% 11
\BOOKMARK [2][-]{subsection.2.2.3}{\376\377\000T\000h\000e\000\040\000c\000o\000v\000e\000r\000i\000n\000g\000?\000\040\000G\000e\000n\000e\000r\000i\000c}{section.2.2}% 12
\BOOKMARK [2][-]{subsection.2.2.4}{\376\377\000T\000h\000e\000\040\000i\000d\000e\000n\000t\000i\000c\000a\000l\000?\000\040\000G\000e\000n\000e\000r\000i\000c}{section.2.2}% 13
\BOOKMARK [2][-]{subsection.2.2.5}{\376\377\000T\000h\000e\000\040\000m\000a\000t\000c\000h\000?\000\040\000G\000e\000n\000e\000r\000i\000c}{section.2.2}% 14
\BOOKMARK [2][-]{subsection.2.2.6}{\376\377\000T\000h\000e\000\040\000m\000o\000r\000e\000-\000g\000e\000n\000e\000r\000a\000l\000?\000\040\000G\000e\000n\000e\000r\000i\000c}{section.2.2}% 15
\BOOKMARK [2][-]{subsection.2.2.7}{\376\377\000T\000h\000e\000\040\000m\000u\000t\000a\000t\000e\000\040\000G\000e\000n\000e\000r\000i\000c}{section.2.2}% 16
\BOOKMARK [2][-]{subsection.2.2.8}{\376\377\000T\000h\000e\000\040\000d\000u\000p\000l\000i\000c\000a\000t\000e\000\040\000G\000e\000n\000e\000r\000i\000c}{section.2.2}% 17
\BOOKMARK [0][-]{chapter.3}{\376\377\000T\000h\000e\000\040\000l\000i\000v\000e\000r\000m\000o\000r\000e\000/\000x\000c\000s\000-\000t\000e\000r\000n\000a\000r\000y\000-\000p\000r\000e\000d\000i\000c\000a\000t\000e\000\040\000P\000a\000c\000k\000a\000g\000e}{}% 18
\BOOKMARK [1][-]{section.3.1}{\376\377\000T\000y\000p\000e\000s}{chapter.3}% 19
\BOOKMARK [2][-]{subsection.3.1.1}{\376\377\000T\000h\000e\000\040\000t\000e\000r\000n\000a\000r\000y\000-\000v\000a\000l\000u\000e\000\040\000T\000y\000p\000e}{section.3.1}% 20
\BOOKMARK [2][-]{subsection.3.1.2}{\376\377\000T\000h\000e\000\040\000t\000e\000r\000n\000a\000r\000y\000-\000v\000a\000l\000u\000e\000?\000\040\000F\000u\000n\000c\000t\000i\000o\000n}{section.3.1}% 21
\BOOKMARK [1][-]{section.3.2}{\376\377\000C\000l\000a\000s\000s\000e\000s}{chapter.3}% 22
\BOOKMARK [2][-]{subsection.3.2.1}{\376\377\000T\000h\000e\000\040\000t\000e\000r\000n\000a\000r\000y\000-\000p\000r\000e\000d\000i\000c\000a\000t\000e\000\040\000C\000l\000a\000s\000s}{section.3.2}% 23
\BOOKMARK [2][-]{subsection.3.2.2}{\376\377\000T\000h\000e\000\040\000t\000e\000r\000n\000a\000r\000y\000-\000p\000r\000e\000d\000i\000c\000a\000t\000e\000\040\000F\000u\000n\000c\000t\000i\000o\000n}{section.3.2}% 24
\BOOKMARK [1][-]{section.3.3}{\376\377\000M\000e\000t\000h\000o\000d\000s}{chapter.3}% 25
\BOOKMARK [0][-]{chapter.4}{\376\377\000T\000h\000e\000\040\000l\000i\000v\000e\000r\000m\000o\000r\000e\000/\000x\000c\000s\000-\000s\000e\000t\000-\000p\000r\000e\000d\000i\000c\000a\000t\000e\000\040\000P\000a\000c\000k\000a\000g\000e}{}% 26
\BOOKMARK [1][-]{section.4.1}{\376\377\000C\000l\000a\000s\000s\000e\000s}{chapter.4}% 27
\BOOKMARK [2][-]{subsection.4.1.1}{\376\377\000T\000h\000e\000\040\000s\000e\000t\000-\000p\000r\000e\000d\000i\000c\000a\000t\000e\000\040\000C\000l\000a\000s\000s}{section.4.1}% 28
\BOOKMARK [1][-]{section.4.2}{\376\377\000M\000e\000t\000h\000o\000d\000s}{chapter.4}% 29
\BOOKMARK [2][-]{subsection.4.2.1}{\376\377\000T\000h\000e\000\040\000n\000o\000n\000-\000m\000e\000m\000b\000e\000r\000s\000\040\000F\000u\000n\000c\000t\000i\000o\000n}{section.4.2}% 30
\BOOKMARK [2][-]{subsection.4.2.2}{\376\377\000T\000h\000e\000\040\000u\000n\000i\000v\000e\000r\000s\000a\000l\000?\000\040\000F\000u\000n\000c\000t\000i\000o\000n}{section.4.2}% 31
\BOOKMARK [2][-]{subsection.4.2.3}{\376\377\000T\000h\000e\000\040\000e\000q\000u\000i\000v\000a\000l\000e\000n\000t\000?\000\040\000F\000u\000n\000c\000t\000i\000o\000n}{section.4.2}% 32
\BOOKMARK [0][-]{chapter.5}{\376\377\000T\000h\000e\000\040\000l\000i\000v\000e\000r\000m\000o\000r\000e\000/\000x\000c\000s\000\040\000P\000a\000c\000k\000a\000g\000e}{}% 33
\BOOKMARK [1][-]{section.5.1}{\376\377\000C\000l\000a\000s\000s\000e\000s}{chapter.5}% 34
\BOOKMARK [2][-]{subsection.5.1.1}{\376\377\000T\000h\000e\000\040\000c\000l\000a\000s\000s\000i\000f\000i\000e\000r\000\040\000C\000l\000a\000s\000s}{section.5.1}% 35
\BOOKMARK [2][-]{subsection.5.1.2}{\376\377\000T\000h\000e\000\040\000x\000c\000s\000\040\000C\000l\000a\000s\000s}{section.5.1}% 36
\BOOKMARK [2][-]{subsection.5.1.3}{\376\377\000T\000h\000e\000\040\000e\000n\000v\000i\000r\000o\000n\000m\000e\000n\000t\000\040\000C\000l\000a\000s\000s}{section.5.1}% 37
\BOOKMARK [2][-]{subsection.5.1.4}{\376\377\000T\000h\000e\000\040\000r\000e\000i\000n\000f\000o\000r\000c\000e\000m\000e\000n\000t\000-\000p\000r\000o\000g\000r\000a\000m\000\040\000C\000l\000a\000s\000s}{section.5.1}% 38
\BOOKMARK [2][-]{subsection.5.1.5}{\376\377\000T\000h\000e\000\040\000e\000x\000p\000e\000r\000i\000m\000e\000n\000t\000\040\000C\000l\000a\000s\000s}{section.5.1}% 39
\BOOKMARK [1][-]{section.5.2}{\376\377\000M\000a\000t\000c\000h\000,\000\040\000A\000c\000t\000i\000o\000n\000,\000\040\000a\000n\000d\000\040\000U\000p\000d\000a\000t\000e}{chapter.5}% 40
\BOOKMARK [2][-]{subsection.5.2.1}{\376\377\000T\000h\000e\000\040\000g\000e\000n\000e\000r\000a\000t\000e\000-\000m\000a\000t\000c\000h\000-\000s\000e\000t\000\040\000G\000e\000n\000e\000r\000i\000c}{section.5.2}% 41
\BOOKMARK [2][-]{subsection.5.2.2}{\376\377\000T\000h\000e\000\040\000g\000e\000n\000e\000r\000a\000t\000e\000-\000c\000o\000v\000e\000r\000i\000n\000g\000-\000c\000l\000a\000s\000s\000i\000f\000i\000e\000r\000\040\000G\000e\000n\000e\000r\000i\000c}{section.5.2}% 42
\BOOKMARK [2][-]{subsection.5.2.3}{\376\377\000T\000h\000e\000\040\000s\000y\000s\000t\000e\000m\000-\000p\000r\000e\000d\000i\000c\000t\000i\000o\000n\000\040\000G\000e\000n\000e\000r\000i\000c}{section.5.2}% 43
\BOOKMARK [2][-]{subsection.5.2.4}{\376\377\000T\000h\000e\000\040\000s\000e\000l\000e\000c\000t\000-\000a\000c\000t\000i\000o\000n\000-\000l\000e\000a\000r\000n\000i\000n\000g\000\040\000G\000e\000n\000e\000r\000i\000c}{section.5.2}% 44
\BOOKMARK [2][-]{subsection.5.2.5}{\376\377\000T\000h\000e\000\040\000g\000e\000n\000e\000r\000a\000t\000e\000-\000a\000c\000t\000i\000o\000n\000-\000s\000e\000t\000\040\000G\000e\000n\000e\000r\000i\000c}{section.5.2}% 45
\BOOKMARK [2][-]{subsection.5.2.6}{\376\377\000T\000h\000e\000\040\000u\000p\000d\000a\000t\000e\000-\000s\000e\000t\000\040\000G\000e\000n\000e\000r\000i\000c}{section.5.2}% 46
\BOOKMARK [2][-]{subsection.5.2.7}{\376\377\000T\000h\000e\000\040\000u\000p\000d\000a\000t\000e\000-\000f\000i\000t\000n\000e\000s\000s\000\040\000G\000e\000n\000e\000r\000i\000c}{section.5.2}% 47
\BOOKMARK [1][-]{section.5.3}{\376\377\000T\000h\000e\000\040\000G\000e\000n\000e\000t\000i\000c\000\040\000A\000l\000g\000o\000r\000i\000t\000h\000m}{chapter.5}% 48
\BOOKMARK [2][-]{subsection.5.3.1}{\376\377\000T\000h\000e\000\040\000r\000u\000n\000-\000g\000a\000?\000\040\000G\000e\000n\000e\000r\000i\000c}{section.5.3}% 49
\BOOKMARK [2][-]{subsection.5.3.2}{\376\377\000T\000h\000e\000\040\000r\000u\000n\000-\000g\000a\000\040\000G\000e\000n\000e\000r\000i\000c}{section.5.3}% 50
\BOOKMARK [2][-]{subsection.5.3.3}{\376\377\000T\000h\000e\000\040\000s\000e\000l\000e\000c\000t\000-\000o\000f\000f\000s\000p\000r\000i\000n\000g\000\040\000G\000e\000n\000e\000r\000i\000c}{section.5.3}% 51
\BOOKMARK [2][-]{subsection.5.3.4}{\376\377\000T\000h\000e\000\040\000c\000r\000o\000s\000s\000o\000v\000e\000r\000\040\000G\000e\000n\000e\000r\000i\000c}{section.5.3}% 52
\BOOKMARK [2][-]{subsection.5.3.5}{\376\377\000T\000h\000e\000\040\000c\000o\000u\000l\000d\000-\000s\000u\000b\000s\000u\000m\000e\000?\000\040\000G\000e\000n\000e\000r\000i\000c}{section.5.3}% 53
\BOOKMARK [2][-]{subsection.5.3.6}{\376\377\000T\000h\000e\000\040\000s\000u\000b\000s\000u\000m\000e\000?\000\040\000G\000e\000n\000e\000r\000i\000c}{section.5.3}% 54
\BOOKMARK [2][-]{subsection.5.3.7}{\376\377\000T\000h\000e\000\040\000d\000e\000l\000e\000t\000i\000o\000n\000-\000v\000o\000t\000e\000\040\000G\000e\000n\000e\000r\000i\000c}{section.5.3}% 55
\BOOKMARK [2][-]{subsection.5.3.8}{\376\377\000T\000h\000e\000\040\000d\000e\000l\000e\000t\000e\000-\000f\000r\000o\000m\000-\000p\000o\000p\000u\000l\000a\000t\000i\000o\000n\000\040\000G\000e\000n\000e\000r\000i\000c}{section.5.3}% 56
\BOOKMARK [2][-]{subsection.5.3.9}{\376\377\000T\000h\000e\000\040\000i\000n\000s\000e\000r\000t\000-\000i\000n\000t\000o\000-\000p\000o\000p\000u\000l\000a\000t\000i\000o\000n\000\040\000G\000e\000n\000e\000r\000i\000c}{section.5.3}% 57
\BOOKMARK [2][-]{subsection.5.3.10}{\376\377\000T\000h\000e\000\040\000d\000o\000-\000a\000c\000t\000i\000o\000n\000-\000s\000e\000t\000-\000s\000u\000b\000s\000u\000m\000p\000t\000i\000o\000n\000\040\000G\000e\000n\000e\000r\000i\000c}{section.5.3}% 58
\BOOKMARK [1][-]{section.5.4}{\376\377\000T\000h\000e\000\040\000E\000x\000p\000e\000r\000i\000m\000e\000n\000t\000\040\000L\000o\000o\000p}{chapter.5}% 59
\BOOKMARK [2][-]{subsection.5.4.1}{\376\377\000T\000h\000e\000\040\000s\000t\000a\000r\000t\000\040\000G\000e\000n\000e\000r\000i\000c}{section.5.4}% 60
\BOOKMARK [2][-]{subsection.5.4.2}{\376\377\000T\000h\000e\000\040\000s\000i\000n\000g\000l\000e\000-\000s\000t\000e\000p\000-\000e\000x\000p\000e\000r\000i\000m\000e\000n\000t\000\040\000G\000e\000n\000e\000r\000i\000c}{section.5.4}% 61
\BOOKMARK [2][-]{subsection.5.4.3}{\376\377\000T\000h\000e\000\040\000m\000u\000l\000t\000i\000-\000s\000t\000e\000p\000-\000e\000x\000p\000e\000r\000i\000m\000e\000n\000t\000\040\000G\000e\000n\000e\000r\000i\000c}{section.5.4}% 62
\BOOKMARK [2][-]{subsection.5.4.4}{\376\377\000T\000h\000e\000\040\000g\000e\000t\000-\000s\000i\000t\000u\000a\000t\000i\000o\000n\000\040\000G\000e\000n\000e\000r\000i\000c}{section.5.4}% 63
\BOOKMARK [2][-]{subsection.5.4.5}{\376\377\000T\000h\000e\000\040\000g\000e\000t\000-\000r\000e\000w\000a\000r\000d\000\040\000G\000e\000n\000e\000r\000i\000c}{section.5.4}% 64
\BOOKMARK [2][-]{subsection.5.4.6}{\376\377\000T\000h\000e\000\040\000t\000e\000r\000m\000i\000n\000a\000t\000e\000?\000\040\000G\000e\000n\000e\000r\000i\000c}{section.5.4}% 65
\BOOKMARK [2][-]{subsection.5.4.7}{\376\377\000T\000h\000e\000\040\000s\000i\000n\000g\000l\000e\000-\000s\000t\000e\000p\000-\000o\000u\000t\000p\000u\000t\000\040\000G\000e\000n\000e\000r\000i\000c}{section.5.4}% 66
\BOOKMARK [1][-]{section.5.5}{\376\377\000I\000d\000e\000n\000t\000i\000t\000y\000\040\000a\000n\000d\000\040\000G\000e\000n\000e\000r\000a\000l\000i\000t\000y}{chapter.5}% 67
\BOOKMARK [0][-]{chapter.6}{\376\377\000T\000h\000e\000\040\000l\000i\000v\000e\000r\000m\000o\000r\000e\000/\000x\000c\000s\000r\000\040\000P\000a\000c\000k\000a\000g\000e}{}% 68
\BOOKMARK [1][-]{section.6.1}{\376\377\000C\000l\000a\000s\000s\000e\000s}{chapter.6}% 69
\BOOKMARK [2][-]{subsection.6.1.1}{\376\377\000T\000h\000e\000\040\000r\000a\000n\000g\000e\000-\000p\000r\000e\000d\000i\000c\000a\000t\000e\000\040\000C\000l\000a\000s\000s}{section.6.1}% 70
\BOOKMARK [2][-]{subsection.6.1.2}{\376\377\000T\000h\000e\000\040\000x\000c\000s\000r\000-\000l\000e\000a\000r\000n\000i\000n\000g\000-\000p\000a\000r\000a\000m\000e\000t\000e\000r\000s\000\040\000C\000l\000a\000s\000s}{section.6.1}% 71
\BOOKMARK [2][-]{subsection.6.1.3}{\376\377\000T\000h\000e\000\040\000x\000c\000s\000r\000\040\000C\000l\000a\000s\000s}{section.6.1}% 72
\BOOKMARK [1][-]{section.6.2}{\376\377\000M\000e\000t\000h\000o\000d\000s}{chapter.6}% 73
\BOOKMARK [0][-]{chapter.7}{\376\377\000T\000h\000e\000\040\000l\000i\000v\000e\000r\000m\000o\000r\000e\000/\000x\000c\000s\000-\000a\000n\000a\000l\000y\000z\000e\000r\000\040\000P\000a\000c\000k\000a\000g\000e}{}% 74
\BOOKMARK [1][-]{section.7.1}{\376\377\000C\000l\000a\000s\000s\000e\000s}{chapter.7}% 75
\BOOKMARK [2][-]{subsection.7.1.1}{\376\377\000T\000h\000e\000\040\000a\000n\000a\000l\000y\000z\000e\000r\000\040\000C\000l\000a\000s\000s}{section.7.1}% 76
\BOOKMARK [1][-]{section.7.2}{\376\377\000M\000e\000t\000h\000o\000d\000s}{chapter.7}% 77
\BOOKMARK [2][-]{subsection.7.2.1}{\376\377\000T\000h\000e\000\040\000c\000o\000r\000r\000e\000c\000t\000-\000a\000c\000t\000i\000o\000n\000\040\000G\000e\000n\000e\000r\000i\000c}{section.7.2}% 78
\BOOKMARK [2][-]{subsection.7.2.2}{\376\377\000T\000h\000e\000\040\000c\000o\000r\000r\000e\000c\000t\000-\000a\000c\000t\000i\000o\000n\000?\000\040\000G\000e\000n\000e\000r\000i\000c}{section.7.2}% 79
\BOOKMARK [2][-]{subsection.7.2.3}{\376\377\000T\000h\000e\000\040\000g\000e\000t\000-\000r\000e\000w\000a\000r\000d\000\040\000G\000e\000n\000e\000r\000i\000c}{section.7.2}% 80
\BOOKMARK [2][-]{subsection.7.2.4}{\376\377\000T\000h\000e\000\040\000e\000x\000e\000c\000u\000t\000e\000-\000a\000c\000t\000i\000o\000n\000\040\000G\000e\000n\000e\000r\000i\000c}{section.7.2}% 81
\BOOKMARK [0][-]{chapter.8}{\376\377\000T\000h\000e\000\040\000l\000i\000v\000e\000r\000m\000o\000r\000e\000/\000t\000m\000s\000c\000s\000\040\000P\000a\000c\000k\000a\000g\000e}{}% 82
\BOOKMARK [1][-]{section.8.1}{\376\377\000C\000l\000a\000s\000s\000e\000s}{chapter.8}% 83
\BOOKMARK [2][-]{subsection.8.1.1}{\376\377\000T\000h\000e\000\040\000t\000m\000s\000-\000p\000r\000e\000d\000i\000c\000a\000t\000e\000\040\000C\000l\000a\000s\000s}{section.8.1}% 84
\BOOKMARK [2][-]{subsection.8.1.2}{\376\377\000T\000h\000e\000\040\000t\000m\000s\000-\000c\000l\000a\000s\000s\000i\000f\000i\000e\000r\000\040\000C\000l\000a\000s\000s}{section.8.1}% 85
\BOOKMARK [2][-]{subsection.8.1.3}{\376\377\000T\000h\000e\000\040\000t\000m\000s\000c\000s\000-\000l\000e\000a\000r\000n\000i\000n\000g\000-\000p\000a\000r\000a\000m\000e\000t\000e\000r\000s\000\040\000C\000l\000a\000s\000s}{section.8.1}% 86
\BOOKMARK [2][-]{subsection.8.1.4}{\376\377\000T\000h\000e\000\040\000t\000m\000s\000c\000s\000\040\000C\000l\000a\000s\000s}{section.8.1}% 87
\BOOKMARK [1][-]{section.8.2}{\376\377\000M\000e\000t\000h\000o\000d\000s}{chapter.8}% 88
\BOOKMARK [0][-]{chapter.9}{\376\377\000T\000h\000e\000\040\000l\000i\000v\000e\000r\000m\000o\000r\000e\000/\000s\000t\000a\000t\000i\000s\000t\000i\000c\000s\000\040\000P\000a\000c\000k\000a\000g\000e}{}% 89
\BOOKMARK [1][-]{section.9.1}{\376\377\000G\000e\000n\000e\000r\000i\000c\000s}{chapter.9}% 90
\BOOKMARK [2][-]{subsection.9.1.1}{\376\377\000T\000h\000e\000\040\000a\000r\000i\000t\000h\000m\000e\000t\000i\000c\000-\000m\000e\000a\000n\000\040\000G\000e\000n\000e\000r\000i\000c}{section.9.1}% 91
\BOOKMARK [2][-]{subsection.9.1.2}{\376\377\000T\000h\000e\000\040\000s\000a\000m\000p\000l\000e\000-\000v\000a\000r\000i\000a\000n\000c\000e\000\040\000G\000e\000n\000e\000r\000i\000c}{section.9.1}% 92
\BOOKMARK [2][-]{subsection.9.1.3}{\376\377\000T\000h\000e\000\040\000u\000n\000b\000i\000a\000s\000e\000d\000-\000s\000a\000m\000p\000l\000e\000-\000v\000a\000r\000i\000a\000n\000c\000e\000\040\000G\000e\000n\000e\000r\000i\000c}{section.9.1}% 93
\BOOKMARK [2][-]{subsection.9.1.4}{\376\377\000T\000h\000e\000\040\000s\000a\000m\000p\000l\000e\000-\000s\000t\000a\000n\000d\000a\000r\000d\000-\000d\000e\000v\000i\000a\000t\000i\000o\000n\000\040\000G\000e\000n\000e\000r\000i\000c}{section.9.1}% 94
\BOOKMARK [2][-]{subsection.9.1.5}{\376\377\000T\000h\000e\000\040\000u\000n\000b\000i\000a\000s\000e\000d\000-\000s\000a\000m\000p\000l\000e\000-\000s\000t\000a\000n\000d\000a\000r\000d\000-\000d\000e\000v\000i\000a\000t\000i\000o\000n\000\040\000G\000e\000n\000e\000r\000i\000c}{section.9.1}% 95
\BOOKMARK [2][-]{subsection.9.1.6}{\376\377\000T\000h\000e\000\040\000s\000t\000a\000t\000-\000r\000e\000p\000o\000r\000t\000\040\000G\000e\000n\000e\000r\000i\000c}{section.9.1}% 96
\BOOKMARK [0][-]{chapter.10}{\376\377\000T\000h\000e\000\040\000l\000i\000v\000e\000r\000m\000o\000r\000e\000/\000t\000i\000m\000e\000\040\000P\000a\000c\000k\000a\000g\000e}{}% 97
\BOOKMARK [1][-]{section.10.1}{\376\377\000D\000e\000c\000o\000d\000e\000d\000\040\000T\000i\000m\000e}{chapter.10}% 98
\BOOKMARK [2][-]{subsection.10.1.1}{\376\377\000T\000h\000e\000\040\000d\000e\000c\000o\000d\000e\000d\000-\000t\000i\000m\000e\000-\000l\000i\000s\000t\000\040\000G\000e\000n\000e\000r\000i\000c}{section.10.1}% 99
\BOOKMARK [2][-]{subsection.10.1.2}{\376\377\000T\000h\000e\000\040\000g\000e\000t\000-\000d\000e\000c\000o\000d\000e\000d\000-\000t\000i\000m\000e\000-\000l\000i\000s\000t\000\040\000F\000u\000n\000c\000t\000i\000o\000n}{section.10.1}% 100
\BOOKMARK [2][-]{subsection.10.1.3}{\376\377\000T\000h\000e\000\040\000m\000o\000n\000t\000h\000-\000t\000o\000-\000n\000u\000m\000b\000e\000r\000\040\000F\000u\000n\000c\000t\000i\000o\000n}{section.10.1}% 101
\BOOKMARK [2][-]{subsection.10.1.4}{\376\377\000T\000h\000e\000\040\000m\000o\000n\000t\000h\000-\000n\000a\000m\000e\000\040\000F\000u\000n\000c\000t\000i\000o\000n}{section.10.1}% 102
\BOOKMARK [2][-]{subsection.10.1.5}{\376\377\000T\000h\000e\000\040\000m\000o\000n\000t\000h\000-\000s\000h\000o\000r\000t\000-\000n\000a\000m\000e\000\040\000F\000u\000n\000c\000t\000i\000o\000n}{section.10.1}% 103
\BOOKMARK [2][-]{subsection.10.1.6}{\376\377\000T\000h\000e\000\040\000e\000n\000c\000o\000d\000e\000-\000m\000o\000n\000t\000h\000-\000y\000e\000a\000r\000\040\000F\000u\000n\000c\000t\000i\000o\000n}{section.10.1}% 104
\BOOKMARK [2][-]{subsection.10.1.7}{\376\377\000T\000h\000e\000\040\000e\000n\000c\000o\000d\000e\000-\000y\000e\000a\000r\000\040\000F\000u\000n\000c\000t\000i\000o\000n}{section.10.1}% 105
\BOOKMARK [1][-]{section.10.2}{\376\377\000P\000a\000r\000s\000i\000n\000g}{chapter.10}% 106
\BOOKMARK [2][-]{subsection.10.2.1}{\376\377\000T\000h\000e\000\040\000y\000y\000y\000y\000-\000m\000m\000-\000d\000d\000-\000t\000o\000-\000u\000n\000i\000v\000e\000r\000s\000a\000l\000-\000t\000i\000m\000e\000\040\000F\000u\000n\000c\000t\000i\000o\000n}{section.10.2}% 107
\BOOKMARK [2][-]{subsection.10.2.2}{\376\377\000T\000h\000e\000\040\000d\000d\000-\000m\000o\000n\000t\000h\000-\000y\000y\000y\000y\000-\000t\000o\000-\000u\000n\000i\000v\000e\000r\000s\000a\000l\000-\000t\000i\000m\000e\000\040\000F\000u\000n\000c\000t\000i\000o\000n}{section.10.2}% 108
\BOOKMARK [2][-]{subsection.10.2.3}{\376\377\000T\000h\000e\000\040\000d\000a\000t\000e\000-\000s\000t\000r\000i\000n\000g\000-\000t\000o\000-\000u\000n\000i\000v\000e\000r\000s\000a\000l\000-\000t\000i\000m\000e\000\040\000F\000u\000n\000c\000t\000i\000o\000n}{section.10.2}% 109
\BOOKMARK [1][-]{section.10.3}{\376\377\000J\000u\000l\000i\000a\000n\000\040\000a\000n\000d\000\040\000O\000r\000d\000i\000n\000a\000l\000\040\000D\000a\000t\000e\000s}{chapter.10}% 110
\BOOKMARK [2][-]{subsection.10.3.1}{\376\377\000T\000h\000e\000\040\000t\000i\000m\000e\000-\000j\000u\000l\000i\000a\000n\000-\000d\000a\000y\000-\000n\000u\000m\000b\000e\000r\000\040\000F\000u\000n\000c\000t\000i\000o\000n}{section.10.3}% 111
\BOOKMARK [2][-]{subsection.10.3.2}{\376\377\000T\000h\000e\000\040\000t\000i\000m\000e\000-\000j\000u\000l\000i\000a\000n\000-\000d\000a\000t\000e\000\040\000F\000u\000n\000c\000t\000i\000o\000n}{section.10.3}% 112
\BOOKMARK [2][-]{subsection.10.3.3}{\376\377\000T\000h\000e\000\040\000t\000i\000m\000e\000-\000o\000r\000d\000i\000n\000a\000l\000-\000d\000a\000t\000e\000\040\000F\000u\000n\000c\000t\000i\000o\000n}{section.10.3}% 113
\BOOKMARK [1][-]{section.10.4}{\376\377\000F\000o\000r\000m\000a\000t\000t\000i\000n\000g}{chapter.10}% 114
\BOOKMARK [0][-]{chapter.11}{\376\377\000T\000h\000e\000\040\000l\000i\000v\000e\000r\000m\000o\000r\000e\000/\000t\000h\000r\000e\000s\000h\000o\000l\000d\000\040\000P\000a\000c\000k\000a\000g\000e}{}% 115
\BOOKMARK [1][-]{subsection.11.0.1}{\376\377\000T\000h\000e\000\040\000t\000h\000r\000e\000s\000h\000o\000l\000d\000-\000i\000n\000d\000i\000c\000a\000t\000o\000r\000\040\000G\000e\000n\000e\000r\000i\000c}{chapter.11}% 116
\BOOKMARK [0][-]{chapter.12}{\376\377\000T\000h\000e\000\040\000l\000i\000v\000e\000r\000m\000o\000r\000e\000/\000m\000u\000l\000t\000i\000p\000l\000e\000x\000e\000r\000\040\000P\000a\000c\000k\000a\000g\000e}{}% 117
\BOOKMARK [1][-]{section.12.1}{\376\377\000F\000u\000n\000c\000t\000i\000o\000n\000s}{chapter.12}% 118
\BOOKMARK [2][-]{subsection.12.1.1}{\376\377\000T\000h\000e\000\040\000r\000a\000n\000d\000o\000m\000-\000b\000i\000t\000\040\000F\000u\000n\000c\000t\000i\000o\000n}{section.12.1}% 119
\BOOKMARK [2][-]{subsection.12.1.2}{\376\377\000T\000h\000e\000\040\000r\000a\000n\000d\000o\000m\000-\000b\000i\000t\000-\000v\000e\000c\000t\000o\000r\000\040\000F\000u\000n\000c\000t\000i\000o\000n}{section.12.1}% 120
\BOOKMARK [2][-]{subsection.12.1.3}{\376\377\000T\000h\000e\000\040\000b\000i\000n\000a\000r\000y\000-\000d\000e\000c\000o\000d\000e\000r\000\040\000F\000u\000n\000c\000t\000i\000o\000n}{section.12.1}% 121
\BOOKMARK [2][-]{subsection.12.1.4}{\376\377\000T\000h\000e\000\040\000m\000u\000l\000t\000i\000p\000l\000e\000x\000e\000r\000-\000l\000e\000n\000g\000t\000h\000\040\000F\000u\000n\000c\000t\000i\000o\000n}{section.12.1}% 122
\BOOKMARK [2][-]{subsection.12.1.5}{\376\377\000T\000h\000e\000\040\000m\000u\000l\000t\000i\000p\000l\000e\000x\000e\000r\000\040\000F\000u\000n\000c\000t\000i\000o\000n}{section.12.1}% 123
\BOOKMARK [2][-]{subsection.12.1.6}{\376\377\000T\000h\000e\000\040\000t\000r\000u\000t\000h\000-\000v\000e\000c\000t\000o\000r\000\040\000F\000u\000n\000c\000t\000i\000o\000n}{section.12.1}% 124
\BOOKMARK [0][-]{chapter.13}{\376\377\000T\000h\000e\000\040\000l\000i\000v\000e\000r\000m\000o\000r\000e\000/\000c\000s\000v\000\040\000P\000a\000c\000k\000a\000g\000e}{}% 125
\BOOKMARK [1][-]{section.13.1}{\376\377\000P\000a\000r\000a\000m\000e\000t\000e\000r\000s}{chapter.13}% 126
\BOOKMARK [2][-]{subsection.13.1.1}{\376\377\000T\000h\000e\000\040\000*\000s\000e\000p\000a\000r\000a\000t\000o\000r\000*\000\040\000P\000a\000r\000a\000m\000e\000t\000e\000r}{section.13.1}% 127
\BOOKMARK [2][-]{subsection.13.1.2}{\376\377\000T\000h\000e\000\040\000*\000q\000u\000o\000t\000e\000*\000\040\000P\000a\000r\000a\000m\000e\000t\000e\000r}{section.13.1}% 128
\BOOKMARK [1][-]{section.13.2}{\376\377\000F\000u\000n\000c\000t\000i\000o\000n\000s}{chapter.13}% 129
\BOOKMARK [2][-]{subsection.13.2.1}{\376\377\000T\000h\000e\000\040\000c\000h\000a\000r\000a\000c\000t\000e\000r\000-\000l\000i\000s\000t\000-\000f\000r\000o\000m\000-\000s\000t\000r\000e\000a\000m\000\040\000F\000u\000n\000c\000t\000i\000o\000n}{section.13.2}% 130
\BOOKMARK [2][-]{subsection.13.2.2}{\376\377\000T\000h\000e\000\040\000p\000a\000r\000s\000e\000-\000c\000h\000a\000r\000a\000c\000t\000e\000r\000-\000l\000i\000s\000t\000\040\000F\000u\000n\000c\000t\000i\000o\000n}{section.13.2}% 131
\BOOKMARK [2][-]{subsection.13.2.3}{\376\377\000T\000h\000e\000\040\000p\000a\000r\000s\000e\000-\000s\000t\000r\000e\000a\000m\000\040\000F\000u\000n\000c\000t\000i\000o\000n}{section.13.2}% 132
\BOOKMARK [2][-]{subsection.13.2.4}{\376\377\000T\000h\000e\000\040\000p\000a\000r\000s\000e\000-\000f\000i\000l\000e\000\040\000F\000u\000n\000c\000t\000i\000o\000n}{section.13.2}% 133
\BOOKMARK [0][-]{chapter.14}{\376\377\000T\000h\000e\000\040\000l\000i\000v\000e\000r\000m\000o\000r\000e\000/\000s\000t\000o\000c\000k\000s\000\040\000P\000a\000c\000k\000a\000g\000e}{}% 134
\BOOKMARK [1][-]{section.14.1}{\376\377\000P\000a\000r\000a\000m\000e\000t\000e\000r\000s}{chapter.14}% 135
\BOOKMARK [2][-]{subsection.14.1.1}{\376\377\000T\000h\000e\000\040\000*\000i\000n\000i\000t\000i\000a\000l\000-\000m\000o\000n\000e\000y\000*\000\040\000P\000a\000r\000a\000m\000e\000t\000e\000r}{section.14.1}% 136
\BOOKMARK [2][-]{subsection.14.1.2}{\376\377\000T\000h\000e\000\040\000*\000l\000i\000v\000e\000r\000m\000o\000r\000e\000-\000d\000a\000t\000a\000-\000d\000i\000r\000e\000c\000t\000o\000r\000y\000*\000\040\000P\000a\000r\000a\000m\000e\000t\000e\000r}{section.14.1}% 137
\BOOKMARK [1][-]{section.14.2}{\376\377\000C\000l\000a\000s\000s\000e\000s}{chapter.14}% 138
\BOOKMARK [2][-]{subsection.14.2.1}{\376\377\000T\000h\000e\000\040\000t\000a\000b\000l\000e\000-\000r\000e\000c\000o\000r\000d\000\040\000C\000l\000a\000s\000s}{section.14.2}% 139
\BOOKMARK [2][-]{subsection.14.2.2}{\376\377\000T\000h\000e\000\040\000t\000a\000b\000l\000e\000\040\000C\000l\000a\000s\000s}{section.14.2}% 140
\BOOKMARK [1][-]{section.14.3}{\376\377\000L\000o\000a\000d\000i\000n\000g}{chapter.14}% 141
\BOOKMARK [2][-]{subsection.14.3.1}{\376\377\000T\000h\000e\000\040\000c\000a\000n\000o\000n\000i\000c\000a\000l\000-\000t\000i\000c\000k\000e\000r\000\040\000F\000u\000n\000c\000t\000i\000o\000n}{section.14.3}% 142
\BOOKMARK [2][-]{subsection.14.3.2}{\376\377\000T\000h\000e\000\040\000t\000a\000b\000l\000e\000-\000f\000i\000l\000e\000n\000a\000m\000e\000\040\000F\000u\000n\000c\000t\000i\000o\000n}{section.14.3}% 143
\BOOKMARK [2][-]{subsection.14.3.3}{\376\377\000T\000h\000e\000\040\000l\000o\000a\000d\000-\000t\000a\000b\000l\000e\000\040\000F\000u\000n\000c\000t\000i\000o\000n}{section.14.3}% 144
\BOOKMARK [1][-]{section.14.4}{\376\377\000C\000h\000a\000n\000g\000e\000s\000\040\000a\000n\000d\000\040\000S\000t\000a\000t\000i\000s\000t\000i\000c\000s}{chapter.14}% 145
\BOOKMARK [1][-]{section.14.5}{\376\377\000I\000n\000d\000i\000c\000a\000t\000o\000r\000s}{chapter.14}% 146
\BOOKMARK [0][-]{chapter.15}{\376\377\000T\000h\000e\000\040\000l\000i\000v\000e\000r\000m\000o\000r\000e\000/\000s\000t\000o\000c\000k\000-\000t\000i\000c\000k\000e\000r\000-\000d\000e\000s\000c\000r\000i\000p\000t\000i\000o\000n\000s\000\040\000P\000a\000c\000k\000a\000g\000e}{}% 147
\BOOKMARK [1][-]{subsection.15.0.1}{\376\377\000T\000h\000e\000\040\000s\000t\000o\000c\000k\000-\000d\000e\000s\000c\000r\000i\000p\000t\000i\000o\000n\000\040\000G\000e\000n\000e\000r\000i\000c}{chapter.15}% 148
\BOOKMARK [0][-]{chapter.16}{\376\377\000T\000h\000e\000\040\000l\000i\000v\000e\000r\000m\000o\000r\000e\000/\000s\000t\000o\000c\000k\000s\000-\000x\000c\000s\000\040\000P\000a\000c\000k\000a\000g\000e}{}% 149
\BOOKMARK [1][-]{section.16.1}{\376\377\000C\000l\000a\000s\000s\000e\000s}{chapter.16}% 150
\BOOKMARK [2][-]{subsection.16.1.1}{\376\377\000T\000h\000e\000\040\000s\000t\000o\000c\000k\000s\000-\000x\000c\000s\000-\000a\000n\000a\000l\000y\000z\000e\000r\000\040\000C\000l\000a\000s\000s}{section.16.1}% 151
\BOOKMARK [2][-]{subsection.16.1.2}{\376\377\000T\000h\000e\000\040\000s\000t\000o\000c\000k\000s\000-\000e\000x\000p\000e\000r\000i\000m\000e\000n\000t\000\040\000C\000l\000a\000s\000s}{section.16.1}% 152
\BOOKMARK [1][-]{section.16.2}{\376\377\000M\000e\000t\000h\000o\000d\000s}{chapter.16}% 153
\BOOKMARK [0][-]{chapter.17}{\376\377\000T\000h\000e\000\040\000l\000i\000v\000e\000r\000m\000o\000r\000e\000/\000a\000n\000i\000m\000a\000t\000-\000x\000c\000s\000\040\000P\000a\000c\000k\000a\000g\000e}{}% 154
\BOOKMARK [1][-]{section.17.1}{\376\377\000C\000l\000a\000s\000s\000e\000s}{chapter.17}% 155
\BOOKMARK [2][-]{subsection.17.1.1}{\376\377\000T\000h\000e\000\040\000a\000n\000i\000m\000a\000t\000-\000a\000n\000a\000l\000y\000z\000e\000r\000\040\000C\000l\000a\000s\000s}{section.17.1}% 156
\BOOKMARK [2][-]{subsection.17.1.2}{\376\377\000T\000h\000e\000\040\000a\000n\000i\000m\000a\000t\000-\000e\000x\000p\000e\000r\000i\000m\000e\000n\000t\000\040\000C\000l\000a\000s\000s}{section.17.1}% 157
\BOOKMARK [1][-]{section.17.2}{\376\377\000M\000e\000t\000h\000o\000d\000s}{chapter.17}% 158
\BOOKMARK [2][-]{subsection.17.2.1}{\376\377\000T\000h\000e\000\040\000s\000e\000n\000s\000o\000r\000-\000c\000o\000d\000e\000\040\000F\000u\000n\000c\000t\000i\000o\000n}{section.17.2}% 159
\BOOKMARK [2][-]{subsection.17.2.2}{\376\377\000T\000h\000e\000\040\000s\000t\000a\000r\000t\000-\000a\000n\000i\000m\000a\000t\000-\000e\000x\000p\000e\000r\000i\000m\000e\000n\000t\000\040\000F\000u\000n\000c\000t\000i\000o\000n}{section.17.2}% 160
\BOOKMARK [0][-]{chapter.18}{\376\377\000T\000h\000e\000\040\000l\000i\000v\000e\000r\000m\000o\000r\000e\000/\000w\000h\000i\000t\000l\000e\000y\000-\000t\000e\000s\000t\000-\000f\000u\000n\000c\000t\000i\000o\000n\000s\000\040\000P\000a\000c\000k\000a\000g\000e}{}% 161
\BOOKMARK [1][-]{section.18.1}{\376\377\000F\000u\000n\000c\000t\000i\000o\000n\000s}{chapter.18}% 162
\BOOKMARK [2][-]{subsection.18.1.1}{\376\377\000T\000h\000e\000\040\000f\0001\000\040\000F\000u\000n\000c\000t\000i\000o\000n}{section.18.1}% 163
\BOOKMARK [2][-]{subsection.18.1.2}{\376\377\000T\000h\000e\000\040\000f\0002\000\040\000F\000u\000n\000c\000t\000i\000o\000n}{section.18.1}% 164
\BOOKMARK [2][-]{subsection.18.1.3}{\376\377\000T\000h\000e\000\040\000f\0003\000\040\000F\000u\000n\000c\000t\000i\000o\000n}{section.18.1}% 165
\BOOKMARK [2][-]{subsection.18.1.4}{\376\377\000T\000h\000e\000\040\000f\0004\000\040\000F\000u\000n\000c\000t\000i\000o\000n}{section.18.1}% 166
\BOOKMARK [2][-]{subsection.18.1.5}{\376\377\000T\000h\000e\000\040\000f\0005\000\040\000F\000u\000n\000c\000t\000i\000o\000n}{section.18.1}% 167
\BOOKMARK [2][-]{subsection.18.1.6}{\376\377\000T\000h\000e\000\040\000f\0006\000\040\000F\000u\000n\000c\000t\000i\000o\000n}{section.18.1}% 168
\BOOKMARK [2][-]{subsection.18.1.7}{\376\377\000T\000h\000e\000\040\000f\0007\000\040\000F\000u\000n\000c\000t\000i\000o\000n}{section.18.1}% 169
\BOOKMARK [2][-]{subsection.18.1.8}{\376\377\000T\000h\000e\000\040\000f\0008\000\040\000F\000u\000n\000c\000t\000i\000o\000n}{section.18.1}% 170
\BOOKMARK [2][-]{subsection.18.1.9}{\376\377\000T\000h\000e\000\040\000f\0009\000\040\000F\000u\000n\000c\000t\000i\000o\000n}{section.18.1}% 171
\BOOKMARK [2][-]{subsection.18.1.10}{\376\377\000T\000h\000e\000\040\000f\0001\0000\000\040\000F\000u\000n\000c\000t\000i\000o\000n}{section.18.1}% 172
\BOOKMARK [0][-]{section*.32}{\376\377\000B\000i\000b\000l\000i\000o\000g\000r\000a\000p\000h\000y}{}% 173
